\BOOKMARK [0][-]{chapter*.1}{\376\377\000A\000b\000s\000t\000r\000a\000c\000t}{}% 1
\BOOKMARK [0][-]{chapter*.2}{\376\377\000L\000i\000s\000t\000\040\000o\000f\000\040\000A\000b\000b\000r\000e\000v\000i\000a\000t\000i\000o\000n\000s}{}% 2
\BOOKMARK [0][-]{chapter.1}{\376\377\000I\000n\000t\000r\000o\000d\000u\000c\000t\000i\000o\000n}{}% 3
\BOOKMARK [1][-]{section.1.1}{\376\377\000B\000a\000c\000k\000g\000r\000o\000u\000n\000d}{chapter.1}% 4
\BOOKMARK [1][-]{section.1.2}{\376\377\000P\000r\000o\000j\000e\000c\000t\000\040\000O\000b\000j\000e\000c\000t\000i\000v\000e\000s}{chapter.1}% 5
\BOOKMARK [1][-]{section.1.3}{\376\377\000P\000r\000o\000j\000e\000c\000t\000\040\000S\000c\000o\000p\000e}{chapter.1}% 6
\BOOKMARK [1][-]{section.1.4}{\376\377\000R\000e\000p\000o\000r\000t\000\040\000O\000r\000g\000a\000n\000i\000z\000a\000t\000i\000o\000n}{chapter.1}% 7
\BOOKMARK [0][-]{chapter.2}{\376\377\000R\000e\000q\000u\000i\000r\000e\000m\000e\000n\000t\000s\000\040\000a\000n\000d\000\040\000S\000p\000e\000c\000i\000f\000i\000c\000a\000t\000i\000o\000n\000s}{}% 8
\BOOKMARK [1][-]{section.2.1}{\376\377\000P\000r\000o\000c\000e\000s\000s\000o\000r\000\040\000S\000p\000e\000c\000i\000f\000i\000c\000a\000t\000i\000o\000n}{chapter.2}% 9
\BOOKMARK [2][-]{subsection.2.1.1}{\376\377\000I\000n\000s\000t\000r\000u\000c\000t\000i\000o\000n\000\040\000S\000e\000t\000\040\000A\000r\000c\000h\000i\000t\000e\000c\000t\000u\000r\000e}{section.2.1}% 10
\BOOKMARK [2][-]{subsection.2.1.2}{\376\377\000T\000o\000p\000-\000L\000e\000v\000e\000l\000\040\000I\000n\000t\000e\000r\000f\000a\000c\000e}{section.2.1}% 11
\BOOKMARK [1][-]{section.2.2}{\376\377\000M\000e\000m\000o\000r\000y\000\040\000S\000p\000e\000c\000i\000f\000i\000c\000a\000t\000i\000o\000n\000s}{chapter.2}% 12
\BOOKMARK [2][-]{subsection.2.2.1}{\376\377\000I\000n\000s\000t\000r\000u\000c\000t\000i\000o\000n\000\040\000M\000e\000m\000o\000r\000y\000\040\000\050\000I\000M\000E\000M\000\051}{section.2.2}% 13
\BOOKMARK [2][-]{subsection.2.2.2}{\376\377\000D\000a\000t\000a\000\040\000M\000e\000m\000o\000r\000y\000\040\000\050\000D\000M\000E\000M\000\051}{section.2.2}% 14
\BOOKMARK [1][-]{section.2.3}{\376\377\000M\000e\000m\000o\000r\000y\000-\000M\000a\000p\000p\000e\000d\000\040\000I\000/\000O}{chapter.2}% 15
\BOOKMARK [2][-]{subsection.2.3.1}{\376\377\000I\000/\000O\000\040\000R\000e\000g\000i\000s\000t\000e\000r\000\040\000D\000e\000t\000a\000i\000l\000s}{section.2.3}% 16
\BOOKMARK [1][-]{section.2.4}{\376\377\000C\000o\000n\000t\000r\000o\000l\000\040\000S\000i\000g\000n\000a\000l\000s}{chapter.2}% 17
\BOOKMARK [1][-]{section.2.5}{\376\377\000D\000e\000s\000i\000g\000n\000\040\000C\000o\000n\000s\000t\000r\000a\000i\000n\000t\000s}{chapter.2}% 18
\BOOKMARK [0][-]{chapter.3}{\376\377\000P\000r\000o\000c\000e\000s\000s\000o\000r\000\040\000A\000r\000c\000h\000i\000t\000e\000c\000t\000u\000r\000e}{}% 19
\BOOKMARK [1][-]{section.3.1}{\376\377\000O\000v\000e\000r\000v\000i\000e\000w}{chapter.3}% 20
\BOOKMARK [1][-]{section.3.2}{\376\377\000D\000a\000t\000a\000p\000a\000t\000h\000\040\000C\000o\000m\000p\000o\000n\000e\000n\000t\000s}{chapter.3}% 21
\BOOKMARK [2][-]{subsection.3.2.1}{\376\377\000P\000r\000o\000g\000r\000a\000m\000\040\000C\000o\000u\000n\000t\000e\000r\000\040\000\050\000P\000C\000\051}{section.3.2}% 22
\BOOKMARK [2][-]{subsection.3.2.2}{\376\377\000I\000n\000s\000t\000r\000u\000c\000t\000i\000o\000n\000\040\000M\000e\000m\000o\000r\000y\000\040\000\050\000I\000M\000E\000M\000\051}{section.3.2}% 23
\BOOKMARK [2][-]{subsection.3.2.3}{\376\377\000I\000n\000s\000t\000r\000u\000c\000t\000i\000o\000n\000\040\000D\000e\000c\000o\000d\000e}{section.3.2}% 24
\BOOKMARK [2][-]{subsection.3.2.4}{\376\377\000I\000m\000m\000e\000d\000i\000a\000t\000e\000\040\000G\000e\000n\000e\000r\000a\000t\000i\000o\000n}{section.3.2}% 25
\BOOKMARK [2][-]{subsection.3.2.5}{\376\377\000R\000e\000g\000i\000s\000t\000e\000r\000\040\000F\000i\000l\000e}{section.3.2}% 26
\BOOKMARK [2][-]{subsection.3.2.6}{\376\377\000A\000r\000i\000t\000h\000m\000e\000t\000i\000c\000\040\000L\000o\000g\000i\000c\000\040\000U\000n\000i\000t\000\040\000\050\000A\000L\000U\000\051}{section.3.2}% 27
\BOOKMARK [2][-]{subsection.3.2.7}{\376\377\000B\000r\000a\000n\000c\000h\000\040\000C\000o\000m\000p\000a\000r\000i\000s\000o\000n\000\040\000U\000n\000i\000t}{section.3.2}% 28
\BOOKMARK [2][-]{subsection.3.2.8}{\376\377\000D\000a\000t\000a\000\040\000M\000e\000m\000o\000r\000y\000\040\000\050\000D\000M\000E\000M\000\051}{section.3.2}% 29
\BOOKMARK [2][-]{subsection.3.2.9}{\376\377\000L\000o\000a\000d\000-\000S\000t\000o\000r\000e\000\040\000U\000n\000i\000t\000\040\000\050\000L\000S\000U\000\051}{section.3.2}% 30
\BOOKMARK [2][-]{subsection.3.2.10}{\376\377\000W\000r\000i\000t\000e\000b\000a\000c\000k\000\040\000M\000u\000x}{section.3.2}% 31
\BOOKMARK [1][-]{section.3.3}{\376\377\000C\000o\000n\000t\000r\000o\000l\000\040\000U\000n\000i\000t}{chapter.3}% 32
\BOOKMARK [2][-]{subsection.3.3.1}{\376\377\000C\000o\000n\000t\000r\000o\000l\000\040\000S\000i\000g\000n\000a\000l\000\040\000G\000e\000n\000e\000r\000a\000t\000i\000o\000n}{section.3.3}% 33
\BOOKMARK [2][-]{subsection.3.3.2}{\376\377\000I\000n\000s\000t\000r\000u\000c\000t\000i\000o\000n\000\040\000T\000y\000p\000e\000s}{section.3.3}% 34
\BOOKMARK [1][-]{section.3.4}{\376\377\000T\000i\000m\000i\000n\000g}{chapter.3}% 35
\BOOKMARK [0][-]{chapter.4}{\376\377\000I\000m\000p\000l\000e\000m\000e\000n\000t\000a\000t\000i\000o\000n}{}% 36
\BOOKMARK [1][-]{section.4.1}{\376\377\000M\000o\000d\000u\000l\000e\000\040\000S\000t\000r\000u\000c\000t\000u\000r\000e}{chapter.4}% 37
\BOOKMARK [1][-]{section.4.2}{\376\377\000R\000e\000g\000i\000s\000t\000e\000r\000\040\000F\000i\000l\000e\000\040\000I\000m\000p\000l\000e\000m\000e\000n\000t\000a\000t\000i\000o\000n}{chapter.4}% 38
\BOOKMARK [2][-]{subsection.4.2.1}{\376\377\000K\000e\000y\000\040\000F\000e\000a\000t\000u\000r\000e\000s}{section.4.2}% 39
\BOOKMARK [1][-]{section.4.3}{\376\377\000A\000L\000U\000\040\000I\000m\000p\000l\000e\000m\000e\000n\000t\000a\000t\000i\000o\000n}{chapter.4}% 40
\BOOKMARK [2][-]{subsection.4.3.1}{\376\377\000D\000e\000s\000i\000g\000n\000\040\000C\000o\000n\000s\000i\000d\000e\000r\000a\000t\000i\000o\000n\000s}{section.4.3}% 41
\BOOKMARK [1][-]{section.4.4}{\376\377\000C\000o\000n\000t\000r\000o\000l\000\040\000U\000n\000i\000t\000\040\000I\000m\000p\000l\000e\000m\000e\000n\000t\000a\000t\000i\000o\000n}{chapter.4}% 42
\BOOKMARK [2][-]{subsection.4.4.1}{\376\377\000S\000p\000e\000c\000i\000a\000l\000\040\000C\000a\000s\000e\000s}{section.4.4}% 43
\BOOKMARK [1][-]{section.4.5}{\376\377\000I\000n\000s\000t\000r\000u\000c\000t\000i\000o\000n\000\040\000M\000e\000m\000o\000r\000y\000\040\000I\000m\000p\000l\000e\000m\000e\000n\000t\000a\000t\000i\000o\000n}{chapter.4}% 44
\BOOKMARK [2][-]{subsection.4.5.1}{\376\377\000B\000y\000t\000e\000\040\000O\000r\000d\000e\000r\000i\000n\000g}{section.4.5}% 45
\BOOKMARK [1][-]{section.4.6}{\376\377\000D\000a\000t\000a\000\040\000M\000e\000m\000o\000r\000y\000\040\000I\000m\000p\000l\000e\000m\000e\000n\000t\000a\000t\000i\000o\000n}{chapter.4}% 46
\BOOKMARK [2][-]{subsection.4.6.1}{\376\377\000M\000e\000m\000o\000r\000y\000\040\000R\000e\000a\000d\000\040\000w\000i\000t\000h\000\040\000S\000i\000g\000n\000\040\000E\000x\000t\000e\000n\000s\000i\000o\000n}{section.4.6}% 47
\BOOKMARK [1][-]{section.4.7}{\376\377\000M\000e\000m\000o\000r\000y\000-\000M\000a\000p\000p\000e\000d\000\040\000I\000/\000O\000\040\000I\000m\000p\000l\000e\000m\000e\000n\000t\000a\000t\000i\000o\000n}{chapter.4}% 48
\BOOKMARK [2][-]{subsection.4.7.1}{\376\377\000I\000/\000O\000\040\000W\000r\000i\000t\000e\000\040\000L\000o\000g\000i\000c}{section.4.7}% 49
\BOOKMARK [2][-]{subsection.4.7.2}{\376\377\000I\000/\000O\000\040\000R\000e\000a\000d\000\040\000L\000o\000g\000i\000c}{section.4.7}% 50
\BOOKMARK [1][-]{section.4.8}{\376\377\000T\000o\000p\000-\000L\000e\000v\000e\000l\000\040\000M\000o\000d\000u\000l\000e\000\040\000I\000n\000t\000e\000g\000r\000a\000t\000i\000o\000n}{chapter.4}% 51
\BOOKMARK [2][-]{subsection.4.8.1}{\376\377\000K\000e\000y\000\040\000S\000i\000g\000n\000a\000l\000\040\000A\000s\000s\000i\000g\000n\000m\000e\000n\000t\000s}{section.4.8}% 52
\BOOKMARK [1][-]{section.4.9}{\376\377\000I\000m\000p\000l\000e\000m\000e\000n\000t\000a\000t\000i\000o\000n\000\040\000C\000h\000a\000l\000l\000e\000n\000g\000e\000s\000\040\000a\000n\000d\000\040\000S\000o\000l\000u\000t\000i\000o\000n\000s}{chapter.4}% 53
\BOOKMARK [2][-]{subsection.4.9.1}{\376\377\000C\000h\000a\000l\000l\000e\000n\000g\000e\000\040\0001\000:\000\040\000L\000U\000I\000\040\000I\000n\000s\000t\000r\000u\000c\000t\000i\000o\000n}{section.4.9}% 54
\BOOKMARK [2][-]{subsection.4.9.2}{\376\377\000C\000h\000a\000l\000l\000e\000n\000g\000e\000\040\0002\000:\000\040\000M\000e\000m\000o\000r\000y\000-\000M\000a\000p\000p\000e\000d\000\040\000I\000/\000O}{section.4.9}% 55
\BOOKMARK [2][-]{subsection.4.9.3}{\376\377\000C\000h\000a\000l\000l\000e\000n\000g\000e\000\040\0003\000:\000\040\000S\000i\000g\000n\000\040\000E\000x\000t\000e\000n\000s\000i\000o\000n\000\040\000f\000o\000r\000\040\000L\000o\000a\000d\000s}{section.4.9}% 56
\BOOKMARK [2][-]{subsection.4.9.4}{\376\377\000C\000h\000a\000l\000l\000e\000n\000g\000e\000\040\0004\000:\000\040\000M\000i\000s\000a\000l\000i\000g\000n\000e\000d\000\040\000A\000d\000d\000r\000e\000s\000s\000\040\000H\000a\000n\000d\000l\000i\000n\000g}{section.4.9}% 57
\BOOKMARK [0][-]{chapter.5}{\376\377\000T\000e\000s\000t\000i\000n\000g\000\040\000a\000n\000d\000\040\000V\000e\000r\000i\000f\000i\000c\000a\000t\000i\000o\000n}{}% 58
\BOOKMARK [1][-]{section.5.1}{\376\377\000T\000e\000s\000t\000i\000n\000g\000\040\000M\000e\000t\000h\000o\000d\000o\000l\000o\000g\000y}{chapter.5}% 59
\BOOKMARK [1][-]{section.5.2}{\376\377\000T\000e\000s\000t\000b\000e\000n\000c\000h\000\040\000S\000t\000r\000u\000c\000t\000u\000r\000e}{chapter.5}% 60
\BOOKMARK [1][-]{section.5.3}{\376\377\000T\000e\000s\000t\000\040\000P\000r\000o\000g\000r\000a\000m\000s}{chapter.5}% 61
\BOOKMARK [2][-]{subsection.5.3.1}{\376\377\000I\000S\000A\000\040\000T\000e\000s\000t\000\040\000S\000u\000i\000t\000e}{section.5.3}% 62
\BOOKMARK [2][-]{subsection.5.3.2}{\376\377\000E\000x\000p\000e\000c\000t\000e\000d\000\040\000T\000e\000s\000t\000\040\000R\000e\000s\000u\000l\000t\000s}{section.5.3}% 63
\BOOKMARK [1][-]{section.5.4}{\376\377\000V\000e\000r\000i\000f\000i\000c\000a\000t\000i\000o\000n\000\040\000S\000t\000r\000a\000t\000e\000g\000y}{chapter.5}% 64
\BOOKMARK [2][-]{subsection.5.4.1}{\376\377\000S\000i\000g\000n\000a\000l\000\040\000M\000o\000n\000i\000t\000o\000r\000i\000n\000g}{section.5.4}% 65
\BOOKMARK [2][-]{subsection.5.4.2}{\376\377\000T\000e\000s\000t\000\040\000E\000x\000e\000c\000u\000t\000i\000o\000n\000\040\000F\000l\000o\000w}{section.5.4}% 66
\BOOKMARK [1][-]{section.5.5}{\376\377\000S\000i\000m\000u\000l\000a\000t\000i\000o\000n\000\040\000T\000o\000o\000l\000s}{chapter.5}% 67
\BOOKMARK [2][-]{subsection.5.5.1}{\376\377\000V\000e\000r\000i\000l\000a\000t\000o\000r\000\040\000W\000o\000r\000k\000f\000l\000o\000w}{section.5.5}% 68
\BOOKMARK [2][-]{subsection.5.5.2}{\376\377\000X\000c\000e\000l\000i\000u\000m\000\040\000W\000o\000r\000k\000f\000l\000o\000w}{section.5.5}% 69
\BOOKMARK [1][-]{section.5.6}{\376\377\000D\000e\000b\000u\000g\000g\000i\000n\000g\000\040\000M\000e\000t\000h\000o\000d\000o\000l\000o\000g\000y}{chapter.5}% 70
\BOOKMARK [1][-]{section.5.7}{\376\377\000C\000o\000m\000m\000o\000n\000\040\000I\000s\000s\000u\000e\000s\000\040\000a\000n\000d\000\040\000S\000o\000l\000u\000t\000i\000o\000n\000s}{chapter.5}% 71
\BOOKMARK [2][-]{subsection.5.7.1}{\376\377\000I\000s\000s\000u\000e\000\040\0001\000:\000\040\000P\000r\000o\000c\000e\000s\000s\000o\000r\000\040\000H\000a\000n\000g\000i\000n\000g}{section.5.7}% 72
\BOOKMARK [2][-]{subsection.5.7.2}{\376\377\000I\000s\000s\000u\000e\000\040\0002\000:\000\040\000W\000r\000o\000n\000g\000\040\000T\000e\000s\000t\000\040\000R\000e\000s\000u\000l\000t\000s}{section.5.7}% 73
\BOOKMARK [2][-]{subsection.5.7.3}{\376\377\000I\000s\000s\000u\000e\000\040\0003\000:\000\040\000M\000e\000m\000o\000r\000y\000\040\000A\000c\000c\000e\000s\000s\000\040\000E\000r\000r\000o\000r\000s}{section.5.7}% 74
\BOOKMARK [1][-]{section.5.8}{\376\377\000C\000o\000d\000e\000\040\000C\000o\000v\000e\000r\000a\000g\000e}{chapter.5}% 75
\BOOKMARK [1][-]{section.5.9}{\376\377\000P\000e\000r\000f\000o\000r\000m\000a\000n\000c\000e\000\040\000M\000e\000t\000r\000i\000c\000s}{chapter.5}% 76
\BOOKMARK [0][-]{chapter.6}{\376\377\000R\000e\000s\000u\000l\000t\000s}{}% 77
\BOOKMARK [1][-]{section.6.1}{\376\377\000I\000m\000p\000l\000e\000m\000e\000n\000t\000a\000t\000i\000o\000n\000\040\000S\000u\000m\000m\000a\000r\000y}{chapter.6}% 78
\BOOKMARK [1][-]{section.6.2}{\376\377\000T\000e\000s\000t\000\040\000R\000e\000s\000u\000l\000t\000s}{chapter.6}% 79
\BOOKMARK [2][-]{subsection.6.2.1}{\376\377\000I\000S\000A\000\040\000T\000e\000s\000t\000\040\000S\000u\000i\000t\000e\000\040\000R\000e\000s\000u\000l\000t\000s}{section.6.2}% 80
\BOOKMARK [2][-]{subsection.6.2.2}{\376\377\000T\000e\000s\000t\000\040\000E\000x\000e\000c\000u\000t\000i\000o\000n}{section.6.2}% 81
\BOOKMARK [1][-]{section.6.3}{\376\377\000M\000e\000m\000o\000r\000y\000\040\000M\000a\000p\000p\000i\000n\000g\000\040\000V\000e\000r\000i\000f\000i\000c\000a\000t\000i\000o\000n}{chapter.6}% 82
\BOOKMARK [1][-]{section.6.4}{\376\377\000I\000n\000s\000t\000r\000u\000c\000t\000i\000o\000n\000\040\000C\000o\000v\000e\000r\000a\000g\000e}{chapter.6}% 83
\BOOKMARK [2][-]{subsection.6.4.1}{\376\377\000A\000r\000i\000t\000h\000m\000e\000t\000i\000c\000\040\000a\000n\000d\000\040\000L\000o\000g\000i\000c\000a\000l\000\040\000I\000n\000s\000t\000r\000u\000c\000t\000i\000o\000n\000s}{section.6.4}% 84
\BOOKMARK [2][-]{subsection.6.4.2}{\376\377\000S\000h\000i\000f\000t\000\040\000I\000n\000s\000t\000r\000u\000c\000t\000i\000o\000n\000s}{section.6.4}% 85
\BOOKMARK [2][-]{subsection.6.4.3}{\376\377\000M\000e\000m\000o\000r\000y\000\040\000I\000n\000s\000t\000r\000u\000c\000t\000i\000o\000n\000s}{section.6.4}% 86
\BOOKMARK [2][-]{subsection.6.4.4}{\376\377\000C\000o\000n\000t\000r\000o\000l\000\040\000F\000l\000o\000w\000\040\000I\000n\000s\000t\000r\000u\000c\000t\000i\000o\000n\000s}{section.6.4}% 87
\BOOKMARK [1][-]{section.6.5}{\376\377\000C\000o\000d\000e\000\040\000Q\000u\000a\000l\000i\000t\000y\000\040\000M\000e\000t\000r\000i\000c\000s}{chapter.6}% 88
\BOOKMARK [2][-]{subsection.6.5.1}{\376\377\000S\000y\000n\000t\000h\000e\000s\000i\000z\000a\000b\000i\000l\000i\000t\000y}{section.6.5}% 89
\BOOKMARK [2][-]{subsection.6.5.2}{\376\377\000D\000e\000s\000i\000g\000n\000\040\000M\000o\000d\000u\000l\000a\000r\000i\000t\000y}{section.6.5}% 90
\BOOKMARK [1][-]{section.6.6}{\376\377\000P\000e\000r\000f\000o\000r\000m\000a\000n\000c\000e\000\040\000C\000h\000a\000r\000a\000c\000t\000e\000r\000i\000s\000t\000i\000c\000s}{chapter.6}% 91
\BOOKMARK [1][-]{section.6.7}{\376\377\000C\000o\000m\000p\000a\000t\000i\000b\000i\000l\000i\000t\000y\000\040\000V\000e\000r\000i\000f\000i\000c\000a\000t\000i\000o\000n}{chapter.6}% 92
\BOOKMARK [1][-]{section.6.8}{\376\377\000K\000n\000o\000w\000n\000\040\000L\000i\000m\000i\000t\000a\000t\000i\000o\000n\000s}{chapter.6}% 93
\BOOKMARK [1][-]{section.6.9}{\376\377\000V\000e\000r\000i\000f\000i\000c\000a\000t\000i\000o\000n\000\040\000S\000u\000m\000m\000a\000r\000y}{chapter.6}% 94
\BOOKMARK [0][-]{chapter.7}{\376\377\000C\000o\000n\000c\000l\000u\000s\000i\000o\000n}{}% 95
\BOOKMARK [1][-]{section.7.1}{\376\377\000P\000r\000o\000j\000e\000c\000t\000\040\000S\000u\000m\000m\000a\000r\000y}{chapter.7}% 96
\BOOKMARK [1][-]{section.7.2}{\376\377\000A\000c\000h\000i\000e\000v\000e\000m\000e\000n\000t\000s}{chapter.7}% 97
\BOOKMARK [2][-]{subsection.7.2.1}{\376\377\000F\000u\000n\000c\000t\000i\000o\000n\000a\000l\000\040\000C\000o\000m\000p\000l\000e\000t\000e\000n\000e\000s\000s}{section.7.2}% 98
\BOOKMARK [2][-]{subsection.7.2.2}{\376\377\000D\000e\000s\000i\000g\000n\000\040\000Q\000u\000a\000l\000i\000t\000y}{section.7.2}% 99
\BOOKMARK [2][-]{subsection.7.2.3}{\376\377\000V\000e\000r\000i\000f\000i\000c\000a\000t\000i\000o\000n}{section.7.2}% 100
\BOOKMARK [1][-]{section.7.3}{\376\377\000L\000e\000s\000s\000o\000n\000s\000\040\000L\000e\000a\000r\000n\000e\000d}{chapter.7}% 101
\BOOKMARK [2][-]{subsection.7.3.1}{\376\377\000P\000r\000o\000c\000e\000s\000s\000o\000r\000\040\000D\000e\000s\000i\000g\000n}{section.7.3}% 102
\BOOKMARK [2][-]{subsection.7.3.2}{\376\377\000S\000y\000s\000t\000e\000m\000V\000e\000r\000i\000l\000o\000g}{section.7.3}% 103
\BOOKMARK [2][-]{subsection.7.3.3}{\376\377\000T\000e\000s\000t\000i\000n\000g\000\040\000a\000n\000d\000\040\000V\000e\000r\000i\000f\000i\000c\000a\000t\000i\000o\000n}{section.7.3}% 104
\BOOKMARK [1][-]{section.7.4}{\376\377\000F\000u\000t\000u\000r\000e\000\040\000I\000m\000p\000r\000o\000v\000e\000m\000e\000n\000t\000s}{chapter.7}% 105
\BOOKMARK [2][-]{subsection.7.4.1}{\376\377\000P\000e\000r\000f\000o\000r\000m\000a\000n\000c\000e\000\040\000E\000n\000h\000a\000n\000c\000e\000m\000e\000n\000t\000s}{section.7.4}% 106
\BOOKMARK [2][-]{subsection.7.4.2}{\376\377\000F\000e\000a\000t\000u\000r\000e\000\040\000E\000x\000t\000e\000n\000s\000i\000o\000n\000s}{section.7.4}% 107
\BOOKMARK [2][-]{subsection.7.4.3}{\376\377\000O\000p\000t\000i\000m\000i\000z\000a\000t\000i\000o\000n}{section.7.4}% 108
\BOOKMARK [1][-]{section.7.5}{\376\377\000A\000p\000p\000l\000i\000c\000a\000t\000i\000o\000n\000s}{chapter.7}% 109
\BOOKMARK [1][-]{section.7.6}{\376\377\000F\000i\000n\000a\000l\000\040\000R\000e\000m\000a\000r\000k\000s}{chapter.7}% 110
\BOOKMARK [0][-]{chapter*.6}{\376\377\000R\000e\000f\000e\000r\000e\000n\000c\000e\000s}{}% 111
\BOOKMARK [0][-]{appendix.A}{\376\377\000A\000p\000p\000e\000n\000d\000i\000x}{}% 112
\BOOKMARK [1][-]{section.A.1}{\376\377\000C\000o\000m\000p\000l\000e\000t\000e\000\040\000M\000o\000d\000u\000l\000e\000\040\000L\000i\000s\000t\000i\000n\000g\000s}{appendix.A}% 113
\BOOKMARK [2][-]{subsection.A.1.1}{\376\377\000T\000o\000p\000-\000L\000e\000v\000e\000l\000\040\000M\000o\000d\000u\000l\000e\000:\000\040\000s\000i\000n\000g\000l\000e\000\137\000c\000y\000c\000l\000e\000.\000s\000v}{section.A.1}% 114
\BOOKMARK [2][-]{subsection.A.1.2}{\376\377\000R\000e\000g\000i\000s\000t\000e\000r\000\040\000F\000i\000l\000e\000\040\000M\000o\000d\000u\000l\000e}{section.A.1}% 115
\BOOKMARK [2][-]{subsection.A.1.3}{\376\377\000A\000L\000U\000\040\000M\000o\000d\000u\000l\000e}{section.A.1}% 116
\BOOKMARK [2][-]{subsection.A.1.4}{\376\377\000C\000o\000n\000t\000r\000o\000l\000\040\000U\000n\000i\000t\000\040\000M\000o\000d\000u\000l\000e}{section.A.1}% 117
\BOOKMARK [1][-]{section.A.2}{\376\377\000F\000i\000l\000e\000\040\000S\000t\000r\000u\000c\000t\000u\000r\000e}{appendix.A}% 118
\BOOKMARK [2][-]{subsection.A.2.1}{\376\377\000S\000o\000u\000r\000c\000e\000\040\000F\000i\000l\000e\000s\000\040\000\050\0000\0000\000\137\000s\000r\000c\000/\000\051}{section.A.2}% 119
\BOOKMARK [2][-]{subsection.A.2.2}{\376\377\000T\000e\000s\000t\000b\000e\000n\000c\000h\000\040\000F\000i\000l\000e\000s\000\040\000\050\0000\0001\000\137\000b\000e\000n\000c\000h\000/\000\051}{section.A.2}% 120
\BOOKMARK [2][-]{subsection.A.2.3}{\376\377\000S\000i\000m\000u\000l\000a\000t\000i\000o\000n\000\040\000D\000i\000r\000e\000c\000t\000o\000r\000i\000e\000s}{section.A.2}% 121
\BOOKMARK [1][-]{section.A.3}{\376\377\000M\000e\000m\000o\000r\000y\000\040\000M\000a\000p\000\040\000D\000e\000t\000a\000i\000l\000s}{appendix.A}% 122
\BOOKMARK [2][-]{subsection.A.3.1}{\376\377\000C\000o\000m\000p\000l\000e\000t\000e\000\040\000A\000d\000d\000r\000e\000s\000s\000\040\000M\000a\000p}{section.A.3}% 123
\BOOKMARK [1][-]{section.A.4}{\376\377\000I\000n\000s\000t\000r\000u\000c\000t\000i\000o\000n\000\040\000E\000n\000c\000o\000d\000i\000n\000g}{appendix.A}% 124
\BOOKMARK [2][-]{subsection.A.4.1}{\376\377\000R\000I\000S\000C\000-\000V\000\040\000I\000n\000s\000t\000r\000u\000c\000t\000i\000o\000n\000\040\000F\000o\000r\000m\000a\000t\000s}{section.A.4}% 125
\BOOKMARK [1][-]{section.A.5}{\376\377\000C\000o\000n\000t\000r\000o\000l\000\040\000S\000i\000g\000n\000a\000l\000\040\000T\000r\000u\000t\000h\000\040\000T\000a\000b\000l\000e}{appendix.A}% 126
\BOOKMARK [1][-]{section.A.6}{\376\377\000S\000i\000m\000u\000l\000a\000t\000i\000o\000n\000\040\000C\000o\000m\000m\000a\000n\000d\000s}{appendix.A}% 127
\BOOKMARK [2][-]{subsection.A.6.1}{\376\377\000V\000e\000r\000i\000l\000a\000t\000o\000r}{section.A.6}% 128
\BOOKMARK [2][-]{subsection.A.6.2}{\376\377\000X\000c\000e\000l\000i\000u\000m}{section.A.6}% 129
\BOOKMARK [1][-]{section.A.7}{\376\377\000T\000e\000s\000t\000i\000n\000g\000\040\000C\000h\000e\000c\000k\000l\000i\000s\000t}{appendix.A}% 130
\BOOKMARK [1][-]{section.A.8}{\376\377\000R\000e\000f\000e\000r\000e\000n\000c\000e\000s}{appendix.A}% 131
